
> ir-ai-readiness-scanner@0.3.0 batch:sp100
> tsx scripts/batch-sp100.ts

Batch: scanning 132 domains (start=0, count=132). Delay 2000ms between each.

[1/132] Apple (AAPL) https://investor.apple.com ... OK overall=44
[2/132] Microsoft (MSFT) https://www.microsoft.com/en-us/investor ... OK overall=86
[3/132] NVIDIA (NVDA) https://investor.nvidia.com ... OK overall=7
[4/132] Amazon (AMZN) https://ir.aboutamazon.com ... OK overall=7
[5/132] Alphabet (Google) (GOOGL) https://abc.xyz/investor ... OK overall=26
[6/132] Meta Platforms (META) https://investor.fb.com ... OK overall=7
[7/132] Berkshire Hathaway (BRK.B) https://berkshirehathaway.com ... OK overall=35
[8/132] Tesla (TSLA) https://ir.tesla.com ... OK overall=5
[9/132] Broadcom (AVGO) https://investors.broadcom.com ... OK overall=83
[10/132] JPMorgan Chase (JPM) https://www.jpmorganchase.com/ir ... OK overall=81
[11/132] Visa (V) https://investor.visa.com ... OK overall=50
[12/132] Exxon Mobil (XOM) https://corporate.exxonmobil.com/investors ... OK overall=73
[13/132] UnitedHealth Group (UNH) https://www.unitedhealthgroup.com/investors.html ... OK overall=81
[14/132] Johnson & Johnson (JNJ) https://www.investor.jnj.com ... OK overall=7
[15/132] Walmart (WMT) https://stock.walmart.com ... OK overall=90
[16/132] Procter & Gamble (PG) https://www.pginvestor.com ... OK overall=65
[17/132] Mastercard (MA) https://investor.mastercard.com ... OK overall=7
[18/132] Chevron (CVX) https://www.chevron.com/investors ... OK overall=81
[19/132] Eli Lilly (LLY) https://investor.lilly.com ... OK overall=73
[20/132] Costco Wholesale (COST) https://investor.costco.com ... OK overall=7
[21/132] AbbVie (ABBV) https://investors.abbvie.com ... OK overall=73
[22/132] Merck (MRK) https://investors.merck.com ... OK overall=79
[23/132] Home Depot (HD) https://ir.homedepot.com ... OK overall=5
[24/132] Bristol-Myers Squibb (BMY) https://investors.bms.com ... OK overall=7
[25/132] Pfizer (PFE) https://investors.pfizer.com ... OK overall=7
[26/132] Coca-Cola (KO) https://investors.coca-colacompany.com ... OK overall=98
[27/132] PepsiCo (PEP) https://www.pepsico.com/investors ... OK overall=69
[28/132] Adobe (ADBE) https://investor.adobe.com ... OK overall=5
[29/132] Oracle (ORCL) https://www.oracle.com/investor ... OK overall=8
[30/132] Netflix (NFLX) https://ir.netflix.net ... OK overall=7
[31/132] Comcast (CMCSA) https://corporate.comcast.com/investors ... OK overall=5
[32/132] Cisco (CSCO) https://investor.cisco.com ... OK overall=7
[33/132] Accenture (ACN) https://investors.accenture.com ... OK overall=5
[34/132] Walt Disney (DIS) https://thewaltdisneycompany.com/investor-relations ... OK overall=82
[35/132] Verizon (VZ) https://www.verizon.com/about/investors ... OK overall=83
[36/132] Intel (INTC) https://www.intc.com ... OK overall=91
[37/132] Philip Morris (PM) https://www.pminvestor.com ... OK overall=10
[38/132] American Tower (AMT) https://investors.americantower.com ... OK overall=5
[39/132] Texas Instruments (TXN) https://investor.ti.com ... OK overall=88
[40/132] Nike (NKE) https://investors.nike.com ... OK overall=7
[41/132] McDonald's (MCD) https://investor.mcdonalds.com ... OK overall=54
[42/132] Salesforce (CRM) https://investor.salesforce.com ... OK overall=7
[43/132] Boeing (BA) https://investors.boeing.com ... OK overall=39
[44/132] Union Pacific (UNP) https://www.up.com/investors ... OK overall=78
[45/132] Amgen (AMGN) https://investors.amgen.com ... OK overall=81
[46/132] Caterpillar (CAT) https://www.caterpillar.com/en/investors.html ... OK overall=5
[47/132] Starbucks (SBUX) https://investor.starbucks.com ... OK overall=7
[48/132] Abbott Laboratories (ABT) https://www.abbottinvestor.com ... OK overall=66
[49/132] Goldman Sachs (GS) https://www.goldmansachs.com/investor-relations ... OK overall=79
[50/132] Honeywell (HON) https://investor.honeywell.com ... OK overall=83
[51/132] Morgan Stanley (MS) https://www.morganstanley.com/about-us-ir ... OK overall=78
[52/132] United Parcel Service (UPS) https://investors.ups.com ... OK overall=88
[53/132] Raytheon Technologies (RTX) https://investors.rtx.com ... OK overall=69
[54/132] 3M (MMM) https://investors.3m.com ... OK overall=97
[55/132] IBM (IBM) https://investor.ibm.com ... OK overall=5
[56/132] GE Aerospace (GE) https://www.geaerospace.com/investors ... OK overall=83
[57/132] American Express (AXP) https://ir.americanexpress.com ... OK overall=56
[58/132] Booking Holdings (BKNG) https://investors.bookingholdings.com ... OK overall=5
[59/132] Simon Property Group (SPG) https://investors.simon.com ... OK overall=69
[60/132] BlackRock (BLK) https://ir.blackrock.com ... OK overall=7
[61/132] Charles Schwab (SCHW) https://investor.schwab.com ... OK overall=5
[62/132] Charter Communications (CHTR) https://ir.charter.com ... OK overall=71
[63/132] Deere (DE) https://investor.deere.com ... OK overall=49
[64/132] Southern Company (SO) https://investor.southerncompany.com ... OK overall=60
[65/132] Duke Energy (DUK) https://www.duke-energy.com/our-company/investors ... OK overall=24
[66/132] Lockheed Martin (LMT) https://investors.lockheedmartin.com ... OK overall=71
[67/132] Lowe's (LOW) https://ir.lowes.com ... OK overall=5
[68/132] Target (TGT) https://corporate.target.com/investors ... OK overall=94
[69/132] CVS Health (CVS) https://investors.cvshealth.com ... OK overall=47
[70/132] Progressive (PGR) https://investors.progressive.com ... OK overall=7
[71/132] Intuit (INTU) https://investors.intuit.com ... OK overall=98
[72/132] Gilead Sciences (GILD) https://investors.gilead.com ... OK overall=7
[73/132] Becton Dickinson (BDX) https://investors.bd.com ... OK overall=94
[74/132] Automatic Data Processing (ADP) https://investors.adp.com ... OK overall=7
[75/132] TJX (TJX) https://investors.tjx.com ... OK overall=5
[76/132] Bank of America (BAC) https://investor.bankofamerica.com ... OK overall=89
[77/132] Citigroup (C) https://www.citigroup.com/ir ... OK overall=78
[78/132] Wells Fargo (WFC) https://newsroom.wf.com/investor-relations ... OK overall=7
[79/132] ConocoPhillips (COP) https://www.conocophillips.com/investors ... OK overall=92
[80/132] Altria (MO) https://www.altria.com/investors ... OK overall=84
[81/132] Medtronic (MDT) https://investorrelations.medtronic.com ... OK overall=75
[82/132] Mondelez International (MDLZ) https://www.mondelezinternational.com/investors ... OK overall=79
[83/132] General Motors (GM) https://investor.gm.com ... OK overall=82
[84/132] Ford Motor (F) https://shareholder.ford.com ... OK overall=7
[85/132] Freeport-McMoRan (FCX) https://investors.fcx.com ... OK overall=7
[86/132] AIG (AIG) https://www.aig.com/investor-relations ... OK overall=81
[87/132] Travelers (TRV) https://investor.travelers.com ... OK overall=52
[88/132] Prologis (PLD) https://www.prologis.com/investors ... OK overall=9
[89/132] Crown Castle (CCI) https://investors.crowncastle.com ... OK overall=5
[90/132] Exelon (EXC) https://www.exeloncorp.com/investors ... OK overall=73
[91/132] Northrop Grumman (NOC) https://investors.northropgrumman.com ... OK overall=5
[92/132] Qualcomm (QCOM) https://investor.qualcomm.com ... OK overall=7
[93/132] Applied Materials (AMAT) https://investors.appliedmaterials.com ... OK overall=66
[94/132] Lam Research (LRCX) https://investor.lamresearch.com ... OK overall=89
[95/132] Micron Technology (MU) https://investors.micron.com ... OK overall=5
[96/132] Analog Devices (ADI) https://investors.analogdevices.com ... OK overall=5
[97/132] Advanced Micro Devices (AMD) https://ir.amd.com ... OK overall=98
[98/132] Intuitive Surgical (ISRG) https://isrg.intuitive.com/investors ... OK overall=74
[99/132] Vertex Pharmaceuticals (VRTX) https://investors.vrtx.com ... OK overall=78
[100/132] Regeneron (REGN) https://investors.regeneron.com ... OK overall=5
[101/132] Stryker (SYK) https://investors.stryker.com ... OK overall=7
[102/132] Zoetis (ZTS) https://investors.zoetis.com ... OK overall=5
[103/132] Sherwin-Williams (SHW) https://investors.sherwin-williams.com ... OK overall=7
[104/132] EOG Resources (EOG) https://www.eogresources.com/investors ... OK overall=41
[105/132] Marathon Petroleum (MPC) https://www.marathonpetroleum.com/investors ... OK overall=5
[106/132] Pioneer Natural Resources (PXD) https://investors.pxd.com ... OK overall=7
[107/132] Phillips 66 (PSX) https://www.phillips66.com/investors ... OK overall=71
[108/132] Valero Energy (VLO) https://investors.valero.com ... OK overall=5
[109/132] Emerson Electric (EMR) https://investors.emerson.com ... OK overall=5
[110/132] CSX (CSX) https://investors.csx.com ... OK overall=7
[111/132] Norfolk Southern (NSC) https://www.norfolksouthern.com/investors ... OK overall=64
[112/132] Illinois Tool Works (ITW) https://www.itw.com/investors ... OK overall=46
[113/132] Stanley Black & Decker (SWK) https://investors.stanleyblackanddecker.com ... OK overall=5
[114/132] Air Products (APD) https://www.airproducts.com/investors ... OK overall=72
[115/132] Dow (DOW) https://corporate.dow.com/en-us/investors.html ... OK overall=57
[116/132] Eaton (ETN) https://www.eaton.com/investors ... OK overall=5
[117/132] General Dynamics (GD) https://investor.generaldynamics.com ... OK overall=5
[118/132] Cigna (CI) https://www.cigna.com/investors ... OK overall=27
[119/132] Humana (HUM) https://investors.humana.com ... OK overall=5
[120/132] Centene (CNC) https://investors.centene.com ... OK overall=82
[121/132] State Street (STT) https://investors.statestreet.com ... OK overall=7
[122/132] PNC Financial (PNC) https://www.pnc.com/investor-relations ... OK overall=30
[123/132] Truist Financial (TFC) https://ir.truist.com ... OK overall=72
[124/132] US Bancorp (USB) https://ir.usbank.com ... OK overall=7
[125/132] Marsh & McLennan (MMC) https://investors.mmc.com ... OK overall=5
[126/132] Aon (AON) https://investors.aon.com ... OK overall=5
[127/132] S&P Global (SPGI) https://investor.spglobal.com ... OK overall=7
[128/132] CME Group (CME) https://investor.cmegroup.com ... OK overall=7
[129/132] Intercontinental Exchange (ICE) https://ir.theice.com ... OK overall=7
[130/132] Cboe Global Markets (CBOE) https://ir.cboe.com ... OK overall=7
[131/132] FedEx (FDX) https://investors.fedex.com ... OK overall=7
[132/132] Moody's (MCO) https://ir.moodys.com ... OK overall=7

Wrote /Users/sethengstrom/Documents/Cursor/IR-Website-AI-Readiness/src/data/sp100-results.ts. Scanned: 132 OK, 0 failed.
